✅ Клиент zzip1 найден на сайте дилера
[PART 2] Начинаем покупку пакетов для клиента: zzip1
[STEP 1] Загрузка страницы авторизации
[DEBUG] URL: http://xxxxxx.tv
[DEBUG] GET запрос отправлен, ждём элемент field_login...
[SUCCESS] Страница авторизации загружена
[STEP 2] Вход в аккаунт
[SUCCESS] Вход выполнен успешно
[STEP 3] Переход на пакеты клиента zzip1
[SUCCESS] Страница пакетов пользователя загружена
[SUCCESS] Проверка URL пройдена: страница принадлежит клиенту zzip1
[SUCCESS] Проверка контента пройдена: страница содержит данные
[SUCCESS] Элементы пакетов найдены (попытка 1): 22 элементов
[SUCCESS] Страница пакетов открыта
[STEP 3] Выбор пакета
[DEBUG] Доступные пакеты на странице: [{'checked': False, 'value': 'iptv'}, {'checked': False, 'value': 'Акционный !! AlemTV'}, {'checked': False, 'value': 'Акционный !! Antiksat 16Е | Skylink 23.5Е'}, {'checked': False, 'value': 'Акционный !! Focussat 0.8W | Freesat 16Е'}, {'checked': False, 'value': 'Акционный !! HD+ Германия 19E | ORF Австрия 19E'}, {'checked': False, 'value': 'Акционный !! Tivusat  | Sky IT Италия 13E'}, {'checked': False, 'value': 'Акционный !! VIP 777 EU'}, {'checked': False, 'value': 'Акционный !! VIP BOCTOK'}, {'checked': False, 'value': 'Акционный !! VIP BOCTOK (̶К̶л̶у̶б̶н̶и̶ч̶к̶а̶)'}, {'checked': False, 'value': 'Акционный !! VIP plus'}, {'checked': False, 'value': 'Акционный !! VIP ZAPAD'}, {'checked': False, 'value': 'Акционный !! Клубничка 13E'}, {'checked': False, 'value': 'Акционный !! НТВ плюс 36+56'}, {'checked': False, 'value': 'Акционный !! НТВ плюс | AlemTV'}, {'checked': False, 'value': 'Акционный !! НТВ плюс | Клубничка'}, {'checked': False, 'value': 'Акционный !! НТВ плюс | Телекарта'}, {'checked': False, 'value': 'Акционный !! НТВ плюс | Телекарта (̶К̶л̶у̶б̶н̶и̶ч̶к̶а̶)'}, {'checked': False, 'value': 'Акционный !! Телекарта'}, {'checked': False, 'value': 'Акционный !! Телекарта (̶К̶л̶у̶б̶н̶и̶ч̶к̶а̶)'}, {'checked': False, 'value': 'Акционный !! Телекарта | AlemTV'}, {'checked': False, 'value': 'Акционный !! Телекарта | Клубничка'}, {'checked': False, 'value': 'Акционный !! Телекарта | Радуга'}]
[DEBUG] Ищем пакет с value='iptv'
[SUCCESS] Найден пакет CSS-селектором: iptv
[SUCCESS] Чекбокс пакета выбран
[STEP 4] Выбор срока подписки: 360 дн.
[SUCCESS] Срок подписки выбран: 360 дн.
[STEP 5] Оформление покупки
[SUCCESS] Кнопка 'Купить' нажата
[COMPLETE - PART 2] Пакеты для zzip1 успешно куплены!
[STEP 6] Загрузка IPTV информации...
[SUCCESS] IPTV информация загружена: 9 ссылок
[CLEANUP] Браузер закрыт
✅ Клиент zzip02 найден на сайте дилера
[PART 2] Начинаем покупку пакетов для клиента: zzip02
[STEP 1] Загрузка страницы авторизации
[DEBUG] URL: http://xxxxxx.tv
[DEBUG] GET запрос отправлен, ждём элемент field_login...
[SUCCESS] Страница авторизации загружена
[STEP 2] Вход в аккаунт
[SUCCESS] Вход выполнен успешно
[STEP 3] Переход на пакеты клиента zzip02
[SUCCESS] Страница пакетов пользователя загружена
[SUCCESS] Проверка URL пройдена: страница принадлежит клиенту zzip02
[SUCCESS] Проверка контента пройдена: страница содержит данные
[SUCCESS] Элементы пакетов найдены (попытка 1): 22 элементов
[SUCCESS] Страница пакетов открыта
[STEP 3] Выбор пакета
[DEBUG] Доступные пакеты на странице: [{'checked': False, 'value': 'iptv'}, {'checked': False, 'value': 'Акционный !! AlemTV'}, {'checked': False, 'value': 'Акционный !! Antiksat 16Е | Skylink 23.5Е'}, {'checked': False, 'value': 'Акционный !! Focussat 0.8W | Freesat 16Е'}, {'checked': False, 'value': 'Акционный !! HD+ Германия 19E | ORF Австрия 19E'}, {'checked': False, 'value': 'Акционный !! Tivusat  | Sky IT Италия 13E'}, {'checked': False, 'value': 'Акционный !! VIP 777 EU'}, {'checked': False, 'value': 'Акционный !! VIP BOCTOK'}, {'checked': False, 'value': 'Акционный !! VIP BOCTOK (̶К̶л̶у̶б̶н̶и̶ч̶к̶а̶)'}, {'checked': False, 'value': 'Акционный !! VIP plus'}, {'checked': False, 'value': 'Акционный !! VIP ZAPAD'}, {'checked': False, 'value': 'Акционный !! Клубничка 13E'}, {'checked': False, 'value': 'Акционный !! НТВ плюс 36+56'}, {'checked': False, 'value': 'Акционный !! НТВ плюс | AlemTV'}, {'checked': False, 'value': 'Акционный !! НТВ плюс | Клубничка'}, {'checked': False, 'value': 'Акционный !! НТВ плюс | Телекарта'}, {'checked': False, 'value': 'Акционный !! НТВ плюс | Телекарта (̶К̶л̶у̶б̶н̶и̶ч̶к̶а̶)'}, {'checked': False, 'value': 'Акционный !! Телекарта'}, {'checked': False, 'value': 'Акционный !! Телекарта (̶К̶л̶у̶б̶н̶и̶ч̶к̶а̶)'}, {'checked': False, 'value': 'Акционный !! Телекарта | AlemTV'}, {'checked': False, 'value': 'Акционный !! Телекарта | Клубничка'}, {'checked': False, 'value': 'Акционный !! Телекарта | Радуга'}]
[DEBUG] Ищем пакет с value='iptv'
[SUCCESS] Найден пакет CSS-селектором: iptv
[SUCCESS] Чекбокс пакета выбран
[STEP 4] Выбор срока подписки: 360 дн.
[SUCCESS] Срок подписки выбран: 360 дн.
[STEP 5] Оформление покупки
[SUCCESS] Кнопка 'Купить' нажата
[COMPLETE - PART 2] Пакеты для zzip02 успешно куплены!
[STEP 6] Загрузка IPTV информации...
[SUCCESS] IPTV информация загружена: 9 ссылок
[CLEANUP] Браузер закрыт
[ERROR] Ошибка авторизации: Message: 
Stacktrace:
Symbols not available. Dumping unresolved backtrace:
	0x537d13
	0x537d54
	0x35b290
	0x3a56ea
	0x3a598b
	0x3e7912
	0x3c8004
	0x3e5111
	0x3c7d56
	0x3994d9
	0x39a294
	0x7abb64
	0x7a7215
	0x7c3fad
	0x551ef8
	0x559b0d
	0x540738
	0x540902
	0x52a1da
	0x75a45d49
	0x77d2d5db
	0x77d2d561

[CHECK] Проверяем клиента zzip03 на сайте дилера
Клиент zzip03 не найден на сайте дилера (черный список?)
[CHECK] Проверяем клиента zzip04 на сайте дилера
Клиент zzip04 не найден на сайте дилера (черный список?)
[CHECK] Проверяем клиента zzip1 на сайте дилера
[CHECK OK] Клиент zzip1 найден на сайте дилера
[CHECK] Проверяем клиента zzip1 на сайте дилера
[CHECK OK] Клиент zzip1 найден на сайте дилера
[PART 2] Начинаем покупку пакетов для клиента: zzip1
[STEP 1] Загрузка страницы авторизации
[DEBUG] URL: http://xxxxxx.tv
[DEBUG] GET запрос отправлен, ждём элемент field_login...
[SUCCESS] Страница авторизации загружена
[STEP 2] Вход в аккаунт
[SUCCESS] Вход выполнен успешно
[STEP 3] Переход на пакеты клиента zzip1
[SUCCESS] Страница пакетов пользователя загружена
[SUCCESS] Проверка URL пройдена: страница принадлежит клиенту zzip1
[SUCCESS] Проверка контента пройдена: страница содержит данные
[SUCCESS] Элементы пакетов найдены (попытка 1): 22 элементов
[SUCCESS] Страница пакетов открыта
[STEP 3] Выбор пакета
[DEBUG] Доступные пакеты на странице: [{'checked': False, 'value': 'iptv'}, {'checked': False, 'value': 'Акционный !! AlemTV'}, {'checked': False, 'value': 'Акционный !! Antiksat 16Е | Skylink 23.5Е'}, {'checked': False, 'value': 'Акционный !! Focussat 0.8W | Freesat 16Е'}, {'checked': False, 'value': 'Акционный !! HD+ Германия 19E | ORF Австрия 19E'}, {'checked': False, 'value': 'Акционный !! Tivusat  | Sky IT Италия 13E'}, {'checked': False, 'value': 'Акционный !! VIP 777 EU'}, {'checked': False, 'value': 'Акционный !! VIP BOCTOK'}, {'checked': False, 'value': 'Акционный !! VIP BOCTOK (̶К̶л̶у̶б̶н̶и̶ч̶к̶а̶)'}, {'checked': False, 'value': 'Акционный !! VIP plus'}, {'checked': False, 'value': 'Акционный !! VIP ZAPAD'}, {'checked': False, 'value': 'Акционный !! Клубничка 13E'}, {'checked': False, 'value': 'Акционный !! НТВ плюс 36+56'}, {'checked': False, 'value': 'Акционный !! НТВ плюс | AlemTV'}, {'checked': False, 'value': 'Акционный !! НТВ плюс | Клубничка'}, {'checked': False, 'value': 'Акционный !! НТВ плюс | Телекарта'}, {'checked': False, 'value': 'Акционный !! НТВ плюс | Телекарта (̶К̶л̶у̶б̶н̶и̶ч̶к̶а̶)'}, {'checked': False, 'value': 'Акционный !! Телекарта'}, {'checked': False, 'value': 'Акционный !! Телекарта (̶К̶л̶у̶б̶н̶и̶ч̶к̶а̶)'}, {'checked': False, 'value': 'Акционный !! Телекарта | AlemTV'}, {'checked': False, 'value': 'Акционный !! Телекарта | Клубничка'}, {'checked': False, 'value': 'Акционный !! Телекарта | Радуга'}]
[DEBUG] Ищем пакет с value='iptv'
[SUCCESS] Найден пакет CSS-селектором: iptv
[SUCCESS] Чекбокс пакета выбран
[STEP 4] Выбор срока подписки: 360 дн.
[SUCCESS] Срок подписки выбран: 360 дн.
[STEP 5] Оформление покупки
[SUCCESS] Кнопка 'Купить' нажата
[COMPLETE - PART 2] Пакеты для zzip1 успешно куплены!
[STEP 6] Загрузка IPTV информации...
[SUCCESS] IPTV информация загружена: 9 ссылок
[CLEANUP] Браузер закрыт
[2026-01-28 23:51:56] [INFO] [PART 1] Начинаем добавление клиента: zzzip1
[2026-01-28 23:51:56] [INFO] [STEP 1] Авторизация на сайте дилера
[2026-01-28 23:52:31] [INFO] [SUCCESS] Авторизация выполнена
[2026-01-28 23:52:31] [INFO] [STEP 2] Переход к форме добавления клиента
[2026-01-28 23:52:57] [INFO] [SUCCESS] Успешно кликнули: add_client.php
[2026-01-28 23:52:58] [INFO] [STEP 3] Заполнение формы клиента
[2026-01-28 23:52:58] [INFO] [SUCCESS] Форма заполнена
[2026-01-28 23:52:58] [INFO] [STEP 4] Сохранение клиента
[2026-01-28 23:53:00] [INFO] [SUCCESS] Клиент сохранён
[2026-01-28 23:53:01] [INFO] [COMPLETE - PART 1] Клиент успешно добавлен!
[2026-01-28 23:53:03] [INFO] [CLEANUP] Браузер закрыт (Часть 1)
[2026-01-28 23:58:28] [INFO] [PART 1] Начинаем добавление клиента: zzzip1
[2026-01-28 23:58:28] [INFO] [STEP 1] Авторизация на сайте дилера
[2026-01-28 23:58:48] [INFO] [SUCCESS] Авторизация выполнена
[2026-01-28 23:58:48] [INFO] [STEP 2] Переход к форме добавления клиента
[2026-01-28 23:58:59] [INFO] [SUCCESS] Успешно кликнули: add_client.php
[2026-01-28 23:59:00] [INFO] [STEP 3] Заполнение формы клиента
[2026-01-28 23:59:01] [INFO] [SUCCESS] Форма заполнена
[2026-01-28 23:59:01] [INFO] [STEP 4] Сохранение клиента
[2026-01-28 23:59:03] [INFO] [SUCCESS] Клиент сохранён
[2026-01-28 23:59:03] [ERROR] Клиент уже существует или ошибка: Пользователь с таким логином существует
[2026-01-28 23:59:05] [INFO] [CLEANUP] Браузер закрыт (Часть 1)
[2026-01-29 00:03:22] [INFO] [CHECK] Проверяем клиента zzzip1 на сайте дилера
[2026-01-29 00:05:04] [ERROR] Не удалось загрузить страницу: Message: timeout: Timed out receiving message from renderer: 7.502
  (Session info: chrome=144.0.7559.97)
Stacktrace:
Symbols not available. Dumping unresolved backtrace:
	0xb58543
	0xb58584
	0x94b4e0
	0x93b893
	0x93b5c5
	0x9396d8
	0x939f26
	0x946d8b
	0x958abe
	0x95e4f6
	0x93a5ac
	0x958853
	0x9d56c1
	0x9b7fb6
	0x9896f9
	0x98a4b4
	0xdad034
	0xda82c9
	0xdc6460
	0xb71a68
	0xb7988d
	0xb60df8
	0xb60fc2
	0xb4ab3a
	0x75a45d49
	0x77d2d5db
	0x77d2d561
